../Drivers/API/Src/API_GPIO.c:36:6:writeLedOn_GPIO	16	static
../Drivers/API/Src/API_GPIO.c:46:6:writeLedOff_GPIO	16	static
../Drivers/API/Src/API_GPIO.c:56:6:toggleLed_GPIO	16	static
../Drivers/API/Src/API_GPIO.c:60:16:readButton_GPIO	8	static
../Drivers/API/Src/API_GPIO.c:66:6:SystemClock_Config	88	static
../Drivers/API/Src/API_GPIO.c:113:6:MX_USART3_UART_Init	8	static
../Drivers/API/Src/API_GPIO.c:146:6:MX_USB_OTG_FS_PCD_Init	8	static
../Drivers/API/Src/API_GPIO.c:181:6:MX_GPIO_Init	56	static
