17:46:31 **** Incremental Build of configuration Debug for project App_1_2_GRUPO_6_2025 ****
make -j12 all 
arm-none-eabi-size  App_1_2_GRUPO_6_2025.elf 
   text	   data	    bss	    dec	    hex	filename
  12288	     28	   2900	  15216	   3b70	App_1_2_GRUPO_6_2025.elf
Finished building: default.size.stdout
 
17:56:15 **** Incremental Build of configuration Debug for project App_1_1_GRUPO_6_2025 ****
make -j12 all 
arm-none-eabi-size  App_1_1_GRUPO_6_2025.elf 
   text	   data	    bss	    dec	    hex	filename
  12072	     12	   2892	  14976	   3a80	App_1_1_GRUPO_6_2025.elf
Finished building: default.size.stdout
 
17:58:16 **** Incremental Build of configuration Debug for project App_1_1_GRUPO_6_2025 ****
make -j12 all 
arm-none-eabi-size  App_1_1_GRUPO_6_2025.elf 
   text	   data	    bss	    dec	    hex	filename
  12072	     12	   2892	  14976	   3a80	App_1_1_GRUPO_6_2025.elf
Finished building: default.size.stdout
 
18:01:27 **** Incremental Build of configuration Debug for project App_1_2_GRUPO_6_2025 ****
make -j12 all 
arm-none-eabi-size  App_1_2_GRUPO_6_2025.elf 
   text	   data	    bss	    dec	    hex	filename
  12288	     28	   2900	  15216	   3b70	App_1_2_GRUPO_6_2025.elf
Finished building: default.size.stdout
 
18:10:26 **** Incremental Build of configuration Debug for project App_1_3_GRUPO_6_2025 ****
make -j12 all 
arm-none-eabi-size  App_1_3_GRUPO_6_2025.elf 
   text	   data	    bss	    dec	    hex	filename
  12696	     28	   2900	  15624	   3d08	App_1_3_GRUPO_6_2025.elf
Finished building: default.size.stdout
 
18:16:56 **** Incremental Build of configuration Debug for project App_1_4_GRUPO_6_2025 ****
make -j12 all 
arm-none-eabi-size  App_1_4_GRUPO_6_2025.elf 
   text	   data	    bss	    dec	    hex	filename
  12440	     28	   2900	  15368	   3c08	App_1_4_GRUPO_6_2025.elf
Finished building: default.size.stdout
 
