23:58:25 **** Incremental Build of configuration Debug for project App_1_3_GRUPO_6_2025 ****
make -j12 all 
arm-none-eabi-gcc "../Core/Src/main.c" -mcpu=cortex-m4 -std=gnu11 -g3 -DDEBUG -DUSE_HAL_DRIVER -DSTM32F413xx -c -I../Core/Inc -I../Drivers/STM32F4xx_HAL_Driver/Inc -I../Drivers/STM32F4xx_HAL_Driver/Inc/Legacy -I../Drivers/CMSIS/Device/ST/STM32F4xx/Include -I../Drivers/CMSIS/Include -I"F:/Facultad/Tecnicas Digitales 2/2025/workspace/AFP_2_GRUPO_6_TDII_2025/App_1_3_GRUPO_6_2025/Drivers/API/Inc" -O0 -ffunction-sections -fdata-sections -Wall -fstack-usage -fcyclomatic-complexity -MMD -MP -MF"Core/Src/main.d" -MT"Core/Src/main.o" --specs=nano.specs -mfpu=fpv4-sp-d16 -mfloat-abi=hard -mthumb -o "Core/Src/main.o"
arm-none-eabi-gcc -o "App_1_3_GRUPO_6_2025.elf" @"objects.list"   -mcpu=cortex-m4 -T"F:\Facultad\Tecnicas Digitales 2\2025\workspace\AFP_2_GRUPO_6_TDII_2025\App_1_3_GRUPO_6_2025\STM32F413ZHTX_FLASH.ld" --specs=nosys.specs -Wl,-Map="App_1_3_GRUPO_6_2025.map" -Wl,--gc-sections -static --specs=nano.specs -mfpu=fpv4-sp-d16 -mfloat-abi=hard -mthumb -Wl,--start-group -lc -lm -Wl,--end-group
Finished building target: App_1_3_GRUPO_6_2025.elf
 
arm-none-eabi-size  App_1_3_GRUPO_6_2025.elf 
arm-none-eabi-objdump -h -S App_1_3_GRUPO_6_2025.elf  > "App_1_3_GRUPO_6_2025.list"
   text	   data	    bss	    dec	    hex	filename
  12740	     32	   2960	  15732	   3d74	App_1_3_GRUPO_6_2025.elf
Finished building: default.size.stdout
 
Finished building: App_1_3_GRUPO_6_2025.list
 

23:58:26 Build Finished. 0 errors, 0 warnings. (took 791ms)

